#! /c/Source/iverilog-install/bin/vvp
:ivl_version "12.0 (devel)" "(s20150603-1539-g2693dd32b)";
:ivl_delay_selection "TYPICAL";
:vpi_time_precision - 12;
:vpi_module "C:\iverilog\lib\ivl\system.vpi";
:vpi_module "C:\iverilog\lib\ivl\vhdl_sys.vpi";
:vpi_module "C:\iverilog\lib\ivl\vhdl_textio.vpi";
:vpi_module "C:\iverilog\lib\ivl\v2005_math.vpi";
:vpi_module "C:\iverilog\lib\ivl\va_math.vpi";
S_000001f5b8a3aee0 .scope module, "tb_M_ff_register" "tb_M_ff_register" 2 3;
 .timescale -9 -12;
v000001f5b8a3b110_0 .var "clk", 0 0;
v000001f5b8a86710_0 .var "d", 7 0;
v000001f5b8a867b0_0 .net "q", 7 0, v000001f5b8a530e0_0;  1 drivers
v000001f5b8a86850_0 .var "rst", 0 0;
S_000001f5b8a86580 .scope module, "uut" "M_ff_register" 2 11, 3 1 0, S_000001f5b8a3aee0;
 .timescale 0 0;
    .port_info 0 /INPUT 1 "clk";
    .port_info 1 /INPUT 1 "rst";
    .port_info 2 /INPUT 8 "d";
    .port_info 3 /OUTPUT 8 "q";
v000001f5b8a53360_0 .net "clk", 0 0, v000001f5b8a3b110_0;  1 drivers
v000001f5b8a53580_0 .net "d", 7 0, v000001f5b8a86710_0;  1 drivers
v000001f5b8a530e0_0 .var "q", 7 0;
v000001f5b8a3b070_0 .net "rst", 0 0, v000001f5b8a86850_0;  1 drivers
E_000001f5b8a3c500 .event posedge, v000001f5b8a53360_0;
    .scope S_000001f5b8a86580;
T_0 ;
    %wait E_000001f5b8a3c500;
    %load/vec4 v000001f5b8a3b070_0;
    %flag_set/vec4 8;
    %jmp/0xz  T_0.0, 8;
    %pushi/vec4 0, 0, 8;
    %assign/vec4 v000001f5b8a530e0_0, 0;
    %jmp T_0.1;
T_0.0 ;
    %load/vec4 v000001f5b8a53580_0;
    %assign/vec4 v000001f5b8a530e0_0, 0;
T_0.1 ;
    %jmp T_0;
    .thread T_0;
    .scope S_000001f5b8a3aee0;
T_1 ;
    %pushi/vec4 0, 0, 1;
    %store/vec4 v000001f5b8a3b110_0, 0, 1;
T_1.0 ;
    %delay 5000, 0;
    %load/vec4 v000001f5b8a3b110_0;
    %inv;
    %store/vec4 v000001f5b8a3b110_0, 0, 1;
    %jmp T_1.0;
    %end;
    .thread T_1;
    .scope S_000001f5b8a3aee0;
T_2 ;
    %vpi_call 2 26 "$dumpfile", "register.vcd" {0 0 0};
    %vpi_call 2 27 "$dumpvars", 32'sb00000000000000000000000000000000, S_000001f5b8a3aee0 {0 0 0};
    %end;
    .thread T_2;
    .scope S_000001f5b8a3aee0;
T_3 ;
    %vpi_call 2 32 "$monitor", "Time=%0t clk=%b rst=%b d=%b q=%b", $time, v000001f5b8a3b110_0, v000001f5b8a86850_0, v000001f5b8a86710_0, v000001f5b8a867b0_0 {0 0 0};
    %end;
    .thread T_3;
    .scope S_000001f5b8a3aee0;
T_4 ;
    %pushi/vec4 1, 0, 1;
    %store/vec4 v000001f5b8a86850_0, 0, 1;
    %pushi/vec4 170, 0, 8;
    %store/vec4 v000001f5b8a86710_0, 0, 8;
    %delay 10000, 0;
    %pushi/vec4 0, 0, 1;
    %store/vec4 v000001f5b8a86850_0, 0, 1;
    %delay 10000, 0;
    %pushi/vec4 240, 0, 8;
    %store/vec4 v000001f5b8a86710_0, 0, 8;
    %delay 20000, 0;
    %vpi_call 2 52 "$finish" {0 0 0};
    %end;
    .thread T_4;
# The file index is used to find the file name in the following table.
:file_names 4;
    "N/A";
    "<interactive>";
    "tb_Multiple_Bit_Register.v";
    "Mutiple_Bit_Register.v";
