#! /c/Source/iverilog-install/bin/vvp
:ivl_version "12.0 (devel)" "(s20150603-1539-g2693dd32b)";
:ivl_delay_selection "TYPICAL";
:vpi_time_precision - 12;
:vpi_module "C:\iverilog\lib\ivl\system.vpi";
:vpi_module "C:\iverilog\lib\ivl\vhdl_sys.vpi";
:vpi_module "C:\iverilog\lib\ivl\vhdl_textio.vpi";
:vpi_module "C:\iverilog\lib\ivl\v2005_math.vpi";
:vpi_module "C:\iverilog\lib\ivl\va_math.vpi";
S_000001b9079aba50 .scope module, "tb_traffic_light" "tb_traffic_light" 2 3;
 .timescale -9 -12;
v000001b9079f9200_0 .var "clk", 0 0;
v000001b9079f92a0_0 .net "lights", 2 0, v000001b9079c35a0_0;  1 drivers
v000001b9079f9340_0 .var "rst", 0 0;
S_000001b9079abbe0 .scope module, "uut" "traffic_light" 2 9, 3 4 0, S_000001b9079aba50;
 .timescale -9 -12;
    .port_info 0 /INPUT 1 "clk";
    .port_info 1 /INPUT 1 "rst";
    .port_info 2 /OUTPUT 3 "lights";
P_000001b9079f8fd0 .param/l "GREEN" 1 3 12, C4<01>;
P_000001b9079f9008 .param/l "GREEN_LIGHT" 1 3 17, C4<010>;
P_000001b9079f9040 .param/l "OFF_ALL" 1 3 19, C4<000>;
P_000001b9079f9078 .param/l "RED" 1 3 11, C4<00>;
P_000001b9079f90b0 .param/l "RED_LIGHT" 1 3 16, C4<001>;
P_000001b9079f90e8 .param/l "YELLOW" 1 3 13, C4<10>;
P_000001b9079f9120 .param/l "YELLOW_LIGHT" 1 3 18, C4<100>;
v000001b9079c3380_0 .net "clk", 0 0, v000001b9079f9200_0;  1 drivers
v000001b9079c35a0_0 .var "lights", 2 0;
v000001b9079ab170_0 .net "rst", 0 0, v000001b9079f9340_0;  1 drivers
v000001b9079c30e0_0 .var "state", 1 0;
v000001b9079f9160_0 .var "timer", 24 0;
E_000001b9079e59f0 .event posedge, v000001b9079c3380_0;
    .scope S_000001b9079abbe0;
T_0 ;
    %wait E_000001b9079e59f0;
    %load/vec4 v000001b9079ab170_0;
    %flag_set/vec4 8;
    %jmp/0xz  T_0.0, 8;
    %pushi/vec4 0, 0, 2;
    %assign/vec4 v000001b9079c30e0_0, 0;
    %pushi/vec4 0, 0, 25;
    %assign/vec4 v000001b9079f9160_0, 0;
    %pushi/vec4 1, 0, 3;
    %assign/vec4 v000001b9079c35a0_0, 0;
    %jmp T_0.1;
T_0.0 ;
    %load/vec4 v000001b9079f9160_0;
    %addi 1, 0, 25;
    %assign/vec4 v000001b9079f9160_0, 0;
    %load/vec4 v000001b9079c30e0_0;
    %dup/vec4;
    %pushi/vec4 0, 0, 2;
    %cmp/u;
    %jmp/1 T_0.2, 6;
    %dup/vec4;
    %pushi/vec4 1, 0, 2;
    %cmp/u;
    %jmp/1 T_0.3, 6;
    %dup/vec4;
    %pushi/vec4 2, 0, 2;
    %cmp/u;
    %jmp/1 T_0.4, 6;
    %pushi/vec4 0, 0, 2;
    %assign/vec4 v000001b9079c30e0_0, 0;
    %pushi/vec4 0, 0, 3;
    %assign/vec4 v000001b9079c35a0_0, 0;
    %jmp T_0.6;
T_0.2 ;
    %pushi/vec4 1, 0, 3;
    %assign/vec4 v000001b9079c35a0_0, 0;
    %load/vec4 v000001b9079f9160_0;
    %pad/u 32;
    %cmpi/u 10, 0, 32;
    %flag_inv 5; GE is !LT
    %jmp/0xz  T_0.7, 5;
    %pushi/vec4 1, 0, 2;
    %assign/vec4 v000001b9079c30e0_0, 0;
    %pushi/vec4 0, 0, 25;
    %assign/vec4 v000001b9079f9160_0, 0;
T_0.7 ;
    %jmp T_0.6;
T_0.3 ;
    %pushi/vec4 2, 0, 3;
    %assign/vec4 v000001b9079c35a0_0, 0;
    %load/vec4 v000001b9079f9160_0;
    %pad/u 32;
    %cmpi/u 10, 0, 32;
    %flag_inv 5; GE is !LT
    %jmp/0xz  T_0.9, 5;
    %pushi/vec4 2, 0, 2;
    %assign/vec4 v000001b9079c30e0_0, 0;
    %pushi/vec4 0, 0, 25;
    %assign/vec4 v000001b9079f9160_0, 0;
T_0.9 ;
    %jmp T_0.6;
T_0.4 ;
    %pushi/vec4 4, 0, 3;
    %assign/vec4 v000001b9079c35a0_0, 0;
    %load/vec4 v000001b9079f9160_0;
    %pad/u 32;
    %cmpi/u 10, 0, 32;
    %flag_inv 5; GE is !LT
    %jmp/0xz  T_0.11, 5;
    %pushi/vec4 0, 0, 2;
    %assign/vec4 v000001b9079c30e0_0, 0;
    %pushi/vec4 0, 0, 25;
    %assign/vec4 v000001b9079f9160_0, 0;
T_0.11 ;
    %jmp T_0.6;
T_0.6 ;
    %pop/vec4 1;
T_0.1 ;
    %jmp T_0;
    .thread T_0;
    .scope S_000001b9079aba50;
T_1 ;
    %pushi/vec4 0, 0, 1;
    %store/vec4 v000001b9079f9200_0, 0, 1;
    %end;
    .thread T_1;
    .scope S_000001b9079aba50;
T_2 ;
    %delay 5000, 0;
    %load/vec4 v000001b9079f9200_0;
    %inv;
    %store/vec4 v000001b9079f9200_0, 0, 1;
    %jmp T_2;
    .thread T_2;
    .scope S_000001b9079aba50;
T_3 ;
    %pushi/vec4 1, 0, 1;
    %store/vec4 v000001b9079f9340_0, 0, 1;
    %wait E_000001b9079e59f0;
    %wait E_000001b9079e59f0;
    %pushi/vec4 0, 0, 1;
    %store/vec4 v000001b9079f9340_0, 0, 1;
    %pushi/vec4 50, 0, 32;
T_3.0 %dup/vec4;
    %pushi/vec4 0, 0, 32;
    %cmp/s;
    %jmp/1xz T_3.1, 5;
    %jmp/1 T_3.1, 4;
    %pushi/vec4 1, 0, 32;
    %sub;
    %wait E_000001b9079e59f0;
    %jmp T_3.0;
T_3.1 ;
    %pop/vec4 1;
    %vpi_call 2 31 "$display", "Final lights = %b", v000001b9079f92a0_0 {0 0 0};
    %vpi_call 2 33 "$finish" {0 0 0};
    %end;
    .thread T_3;
    .scope S_000001b9079aba50;
T_4 ;
    %vpi_call 2 39 "$dumpfile", "traffic_light.vcd" {0 0 0};
    %vpi_call 2 40 "$dumpvars", 32'sb00000000000000000000000000000000, S_000001b9079aba50 {0 0 0};
    %end;
    .thread T_4;
    .scope S_000001b9079aba50;
T_5 ;
    %vpi_call 2 45 "$monitor", "Time=%0t state lights=%b", $time, v000001b9079f92a0_0 {0 0 0};
    %end;
    .thread T_5;
# The file index is used to find the file name in the following table.
:file_names 4;
    "N/A";
    "<interactive>";
    "tb_traffic_light.v";
    "Traffic_Light.v";
