#! /c/Source/iverilog-install/bin/vvp
:ivl_version "12.0 (devel)" "(s20150603-1539-g2693dd32b)";
:ivl_delay_selection "TYPICAL";
:vpi_time_precision - 12;
:vpi_module "C:\Users\deogr\Desktop\SUMMER~1\Verilog\iverilog\lib\ivl\system.vpi";
:vpi_module "C:\Users\deogr\Desktop\SUMMER~1\Verilog\iverilog\lib\ivl\vhdl_sys.vpi";
:vpi_module "C:\Users\deogr\Desktop\SUMMER~1\Verilog\iverilog\lib\ivl\vhdl_textio.vpi";
:vpi_module "C:\Users\deogr\Desktop\SUMMER~1\Verilog\iverilog\lib\ivl\v2005_math.vpi";
:vpi_module "C:\Users\deogr\Desktop\SUMMER~1\Verilog\iverilog\lib\ivl\va_math.vpi";
S_000001e920e329c0 .scope module, "traffic_light" "traffic_light" 2 4;
 .timescale -9 -12;
    .port_info 0 /INPUT 1 "clk";
    .port_info 1 /INPUT 1 "rst";
    .port_info 2 /OUTPUT 3 "lights";
P_000001e920e32b50 .param/l "GREEN" 1 2 12, C4<01>;
P_000001e920e32b88 .param/l "GREEN_LIGHT" 1 2 17, C4<010>;
P_000001e920e32bc0 .param/l "OFF_ALL" 1 2 19, C4<000>;
P_000001e920e32bf8 .param/l "RED" 1 2 11, C4<00>;
P_000001e920e32c30 .param/l "RED_LIGHT" 1 2 16, C4<001>;
P_000001e920e32c68 .param/l "YELLOW" 1 2 13, C4<10>;
P_000001e920e32ca0 .param/l "YELLOW_LIGHT" 1 2 18, C4<100>;
o000001e920e69f58 .functor BUFZ 1, C4<z>; HiZ drive
v000001e920e33160_0 .net "clk", 0 0, o000001e920e69f58;  0 drivers
v000001e920e32ce0_0 .var "lights", 2 0;
o000001e920e69fb8 .functor BUFZ 1, C4<z>; HiZ drive
v000001e920e32d80_0 .net "rst", 0 0, o000001e920e69fb8;  0 drivers
v000001e920e63600_0 .var "state", 1 0;
v000001e920e636a0_0 .var "timer", 24 0;
E_000001e920e19150 .event posedge, v000001e920e33160_0;
    .scope S_000001e920e329c0;
T_0 ;
    %wait E_000001e920e19150;
    %load/vec4 v000001e920e32d80_0;
    %flag_set/vec4 8;
    %jmp/0xz  T_0.0, 8;
    %pushi/vec4 0, 0, 2;
    %assign/vec4 v000001e920e63600_0, 0;
    %pushi/vec4 0, 0, 25;
    %assign/vec4 v000001e920e636a0_0, 0;
    %pushi/vec4 1, 0, 3;
    %assign/vec4 v000001e920e32ce0_0, 0;
    %jmp T_0.1;
T_0.0 ;
    %load/vec4 v000001e920e636a0_0;
    %addi 1, 0, 25;
    %assign/vec4 v000001e920e636a0_0, 0;
    %load/vec4 v000001e920e63600_0;
    %dup/vec4;
    %pushi/vec4 0, 0, 2;
    %cmp/u;
    %jmp/1 T_0.2, 6;
    %dup/vec4;
    %pushi/vec4 1, 0, 2;
    %cmp/u;
    %jmp/1 T_0.3, 6;
    %dup/vec4;
    %pushi/vec4 2, 0, 2;
    %cmp/u;
    %jmp/1 T_0.4, 6;
    %pushi/vec4 0, 0, 2;
    %assign/vec4 v000001e920e63600_0, 0;
    %pushi/vec4 0, 0, 3;
    %assign/vec4 v000001e920e32ce0_0, 0;
    %jmp T_0.6;
T_0.2 ;
    %pushi/vec4 1, 0, 3;
    %assign/vec4 v000001e920e32ce0_0, 0;
    %load/vec4 v000001e920e636a0_0;
    %pad/u 32;
    %cmpi/u 10, 0, 32;
    %flag_inv 5; GE is !LT
    %jmp/0xz  T_0.7, 5;
    %pushi/vec4 1, 0, 2;
    %assign/vec4 v000001e920e63600_0, 0;
    %pushi/vec4 0, 0, 25;
    %assign/vec4 v000001e920e636a0_0, 0;
T_0.7 ;
    %jmp T_0.6;
T_0.3 ;
    %pushi/vec4 2, 0, 3;
    %assign/vec4 v000001e920e32ce0_0, 0;
    %load/vec4 v000001e920e636a0_0;
    %pad/u 32;
    %cmpi/u 10, 0, 32;
    %flag_inv 5; GE is !LT
    %jmp/0xz  T_0.9, 5;
    %pushi/vec4 2, 0, 2;
    %assign/vec4 v000001e920e63600_0, 0;
    %pushi/vec4 0, 0, 25;
    %assign/vec4 v000001e920e636a0_0, 0;
T_0.9 ;
    %jmp T_0.6;
T_0.4 ;
    %pushi/vec4 4, 0, 3;
    %assign/vec4 v000001e920e32ce0_0, 0;
    %load/vec4 v000001e920e636a0_0;
    %pad/u 32;
    %cmpi/u 10, 0, 32;
    %flag_inv 5; GE is !LT
    %jmp/0xz  T_0.11, 5;
    %pushi/vec4 0, 0, 2;
    %assign/vec4 v000001e920e63600_0, 0;
    %pushi/vec4 0, 0, 25;
    %assign/vec4 v000001e920e636a0_0, 0;
T_0.11 ;
    %jmp T_0.6;
T_0.6 ;
    %pop/vec4 1;
T_0.1 ;
    %jmp T_0;
    .thread T_0;
# The file index is used to find the file name in the following table.
:file_names 3;
    "N/A";
    "<interactive>";
    "Traffic_Light.v";
